
16. Executing PROC_DLATCH pass (convert process syncs to latches).
No latch inferred for signal `\systolic_sorter.\_sv2v_0' from process `\systolic_sorter.$proc$/home/stonepine/ECE510-AI_ML_HW/ECE510-challenges/challenge-17/verilog/systolic_sorter.v:0$197'.
No latch inferred for signal `\systolic_sorter.\gen_left[0]' from process `\systolic_sorter.$proc$/home/stonepine/ECE510-AI_ML_HW/ECE510-challenges/challenge-17/verilog/systolic_sorter.v:0$196'.
No latch inferred for signal `\systolic_sorter.\gen_left[1]' from process `\systolic_sorter.$proc$/home/stonepine/ECE510-AI_ML_HW/ECE510-challenges/challenge-17/verilog/systolic_sorter.v:0$196'.
No latch inferred for signal `\systolic_sorter.\gen_left[2]' from process `\systolic_sorter.$proc$/home/stonepine/ECE510-AI_ML_HW/ECE510-challenges/challenge-17/verilog/systolic_sorter.v:0$196'.
No latch inferred for signal `\systolic_sorter.\gen_left[3]' from process `\systolic_sorter.$proc$/home/stonepine/ECE510-AI_ML_HW/ECE510-challenges/challenge-17/verilog/systolic_sorter.v:0$196'.
No latch inferred for signal `\systolic_sorter.\gen_left[4]' from process `\systolic_sorter.$proc$/home/stonepine/ECE510-AI_ML_HW/ECE510-challenges/challenge-17/verilog/systolic_sorter.v:0$196'.
No latch inferred for signal `\systolic_sorter.\gen_left[5]' from process `\systolic_sorter.$proc$/home/stonepine/ECE510-AI_ML_HW/ECE510-challenges/challenge-17/verilog/systolic_sorter.v:0$196'.
No latch inferred for signal `\systolic_sorter.\gen_left[6]' from process `\systolic_sorter.$proc$/home/stonepine/ECE510-AI_ML_HW/ECE510-challenges/challenge-17/verilog/systolic_sorter.v:0$196'.
No latch inferred for signal `\systolic_sorter.\gen_right[0]' from process `\systolic_sorter.$proc$/home/stonepine/ECE510-AI_ML_HW/ECE510-challenges/challenge-17/verilog/systolic_sorter.v:0$196'.
No latch inferred for signal `\systolic_sorter.\gen_right[1]' from process `\systolic_sorter.$proc$/home/stonepine/ECE510-AI_ML_HW/ECE510-challenges/challenge-17/verilog/systolic_sorter.v:0$196'.
No latch inferred for signal `\systolic_sorter.\gen_right[2]' from process `\systolic_sorter.$proc$/home/stonepine/ECE510-AI_ML_HW/ECE510-challenges/challenge-17/verilog/systolic_sorter.v:0$196'.
No latch inferred for signal `\systolic_sorter.\gen_right[3]' from process `\systolic_sorter.$proc$/home/stonepine/ECE510-AI_ML_HW/ECE510-challenges/challenge-17/verilog/systolic_sorter.v:0$196'.
No latch inferred for signal `\systolic_sorter.\gen_right[4]' from process `\systolic_sorter.$proc$/home/stonepine/ECE510-AI_ML_HW/ECE510-challenges/challenge-17/verilog/systolic_sorter.v:0$196'.
No latch inferred for signal `\systolic_sorter.\gen_right[5]' from process `\systolic_sorter.$proc$/home/stonepine/ECE510-AI_ML_HW/ECE510-challenges/challenge-17/verilog/systolic_sorter.v:0$196'.
No latch inferred for signal `\systolic_sorter.\gen_right[6]' from process `\systolic_sorter.$proc$/home/stonepine/ECE510-AI_ML_HW/ECE510-challenges/challenge-17/verilog/systolic_sorter.v:0$196'.
No latch inferred for signal `\systolic_sorter.\out_data_flat' from process `\systolic_sorter.$proc$/home/stonepine/ECE510-AI_ML_HW/ECE510-challenges/challenge-17/verilog/systolic_sorter.v:90$160'.
No latch inferred for signal `\systolic_sorter.\sv2v_autoblock_7.i' from process `\systolic_sorter.$proc$/home/stonepine/ECE510-AI_ML_HW/ECE510-challenges/challenge-17/verilog/systolic_sorter.v:90$160'.
No latch inferred for signal `\systolic_sorter.\sv2v_autoblock_5.i' from process `\systolic_sorter.$proc$/home/stonepine/ECE510-AI_ML_HW/ECE510-challenges/challenge-17/verilog/systolic_sorter.v:73$124'.
No latch inferred for signal `\systolic_sorter.\sv2v_autoblock_6.i' from process `\systolic_sorter.$proc$/home/stonepine/ECE510-AI_ML_HW/ECE510-challenges/challenge-17/verilog/systolic_sorter.v:73$124'.
No latch inferred for signal `\systolic_sorter.\pe_outputs[0]' from process `\systolic_sorter.$proc$/home/stonepine/ECE510-AI_ML_HW/ECE510-challenges/challenge-17/verilog/systolic_sorter.v:73$124'.
No latch inferred for signal `\systolic_sorter.\pe_outputs[1]' from process `\systolic_sorter.$proc$/home/stonepine/ECE510-AI_ML_HW/ECE510-challenges/challenge-17/verilog/systolic_sorter.v:73$124'.
No latch inferred for signal `\systolic_sorter.\pe_outputs[2]' from process `\systolic_sorter.$proc$/home/stonepine/ECE510-AI_ML_HW/ECE510-challenges/challenge-17/verilog/systolic_sorter.v:73$124'.
No latch inferred for signal `\systolic_sorter.\pe_outputs[3]' from process `\systolic_sorter.$proc$/home/stonepine/ECE510-AI_ML_HW/ECE510-challenges/challenge-17/verilog/systolic_sorter.v:73$124'.
No latch inferred for signal `\systolic_sorter.\pe_outputs[4]' from process `\systolic_sorter.$proc$/home/stonepine/ECE510-AI_ML_HW/ECE510-challenges/challenge-17/verilog/systolic_sorter.v:73$124'.
No latch inferred for signal `\systolic_sorter.\pe_outputs[5]' from process `\systolic_sorter.$proc$/home/stonepine/ECE510-AI_ML_HW/ECE510-challenges/challenge-17/verilog/systolic_sorter.v:73$124'.
No latch inferred for signal `\systolic_sorter.\pe_outputs[6]' from process `\systolic_sorter.$proc$/home/stonepine/ECE510-AI_ML_HW/ECE510-challenges/challenge-17/verilog/systolic_sorter.v:73$124'.
No latch inferred for signal `\systolic_sorter.\pe_outputs[7]' from process `\systolic_sorter.$proc$/home/stonepine/ECE510-AI_ML_HW/ECE510-challenges/challenge-17/verilog/systolic_sorter.v:73$124'.
No latch inferred for signal `\systolic_sorter.\sv2v_autoblock_1.i' from process `\systolic_sorter.$proc$/home/stonepine/ECE510-AI_ML_HW/ECE510-challenges/challenge-17/verilog/systolic_sorter.v:24$121'.
No latch inferred for signal `\systolic_sorter.\unpacked_input[0]' from process `\systolic_sorter.$proc$/home/stonepine/ECE510-AI_ML_HW/ECE510-challenges/challenge-17/verilog/systolic_sorter.v:24$121'.
No latch inferred for signal `\systolic_sorter.\unpacked_input[1]' from process `\systolic_sorter.$proc$/home/stonepine/ECE510-AI_ML_HW/ECE510-challenges/challenge-17/verilog/systolic_sorter.v:24$121'.
No latch inferred for signal `\systolic_sorter.\unpacked_input[2]' from process `\systolic_sorter.$proc$/home/stonepine/ECE510-AI_ML_HW/ECE510-challenges/challenge-17/verilog/systolic_sorter.v:24$121'.
No latch inferred for signal `\systolic_sorter.\unpacked_input[3]' from process `\systolic_sorter.$proc$/home/stonepine/ECE510-AI_ML_HW/ECE510-challenges/challenge-17/verilog/systolic_sorter.v:24$121'.
No latch inferred for signal `\systolic_sorter.\unpacked_input[4]' from process `\systolic_sorter.$proc$/home/stonepine/ECE510-AI_ML_HW/ECE510-challenges/challenge-17/verilog/systolic_sorter.v:24$121'.
No latch inferred for signal `\systolic_sorter.\unpacked_input[5]' from process `\systolic_sorter.$proc$/home/stonepine/ECE510-AI_ML_HW/ECE510-challenges/challenge-17/verilog/systolic_sorter.v:24$121'.
No latch inferred for signal `\systolic_sorter.\unpacked_input[6]' from process `\systolic_sorter.$proc$/home/stonepine/ECE510-AI_ML_HW/ECE510-challenges/challenge-17/verilog/systolic_sorter.v:24$121'.
No latch inferred for signal `\systolic_sorter.\unpacked_input[7]' from process `\systolic_sorter.$proc$/home/stonepine/ECE510-AI_ML_HW/ECE510-challenges/challenge-17/verilog/systolic_sorter.v:24$121'.
