
===========================================================================
 report_power
============================================================================
======================= min_tt_025C_1v80 Corner ===================================

Group                    Internal    Switching      Leakage        Total
                            Power        Power        Power        Power (Watts)
------------------------------------------------------------------------
Sequential           1.457100e-03 3.667611e-04 8.326448e-09 1.823869e-03  30.8%
Combinational        7.393803e-04 1.095934e-03 1.619195e-08 1.835330e-03  31.0%
Clock                1.387657e-03 8.675582e-04 1.510472e-07 2.255366e-03  38.1%
Macro                0.000000e+00 0.000000e+00 0.000000e+00 0.000000e+00   0.0%
Pad                  0.000000e+00 0.000000e+00 0.000000e+00 0.000000e+00   0.0%
------------------------------------------------------------------------
Total                3.584138e-03 2.330254e-03 1.755722e-07 5.914567e-03 100.0%
                            60.6%        39.4%         0.0%

