┏━━━━━━━━━━━━━━━━━━━━━━┳━━━━━━━━━━┳━━━━━━━━━━┳━━━━━━━━━━┳━━━━━━━━━━┳━━━━━━━━━━━┳━━━━━━━━━━┳━━━━━━━━━━━┳━━━━━━━━━━┳━━━━━━━━━━━┳━━━━━━━━━━┳━━━━━━━━━━━┳━━━━━━━━━━┓
┃                      ┃ Hold     ┃ Reg to   ┃          ┃          ┃ of which  ┃ Setup    ┃           ┃          ┃           ┃ of which ┃           ┃          ┃
┃                      ┃ Worst    ┃ Reg      ┃          ┃ Hold Vio ┃ reg to    ┃ Worst    ┃ Reg to    ┃ Setup    ┃ Setup Vio ┃ reg to   ┃ Max Cap   ┃ Max Slew ┃
┃ Corner/Group         ┃ Slack    ┃ Paths    ┃ Hold TNS ┃ Count    ┃ reg       ┃ Slack    ┃ Reg Paths ┃ TNS      ┃ Count     ┃ reg      ┃ Violatio… ┃ Violati… ┃
┡━━━━━━━━━━━━━━━━━━━━━━╇━━━━━━━━━━╇━━━━━━━━━━╇━━━━━━━━━━╇━━━━━━━━━━╇━━━━━━━━━━━╇━━━━━━━━━━╇━━━━━━━━━━━╇━━━━━━━━━━╇━━━━━━━━━━━╇━━━━━━━━━━╇━━━━━━━━━━━╇━━━━━━━━━━┩
│ Overall              │ 0.1052   │ 0.1052   │ 0.0000   │ 0        │ 0         │ 12.1146  │ 12.1146   │ 0.0000   │ 0         │ 0        │ 35        │ 218      │
│ nom_tt_025C_1v80     │ 0.3237   │ 0.3237   │ 0.0000   │ 0        │ 0         │ 16.7816  │ 18.2854   │ 0.0000   │ 0         │ 0        │ 30        │ 3        │
│ nom_ss_100C_1v60     │ 0.8881   │ 0.8881   │ 0.0000   │ 0        │ 0         │ 12.4659  │ 12.4659   │ 0.0000   │ 0         │ 0        │ 30        │ 173      │
│ nom_ff_n40C_1v95     │ 0.1079   │ 0.1079   │ 0.0000   │ 0        │ 0         │ 17.7717  │ 20.5574   │ 0.0000   │ 0         │ 0        │ 30        │ 0        │
│ min_tt_025C_1v80     │ 0.3188   │ 0.3188   │ 0.0000   │ 0        │ 0         │ 16.9111  │ 18.5577   │ 0.0000   │ 0         │ 0        │ 20        │ 0        │
│ min_ss_100C_1v60     │ 0.8794   │ 0.8794   │ 0.0000   │ 0        │ 0         │ 12.8460  │ 12.8460   │ 0.0000   │ 0         │ 0        │ 20        │ 95       │
│ min_ff_n40C_1v95     │ 0.1052   │ 0.1052   │ 0.0000   │ 0        │ 0         │ 17.8553  │ 20.7734   │ 0.0000   │ 0         │ 0        │ 20        │ 0        │
│ max_tt_025C_1v80     │ 0.3291   │ 0.3291   │ 0.0000   │ 0        │ 0         │ 16.6972  │ 18.0165   │ 0.0000   │ 0         │ 0        │ 34        │ 11       │
│ max_ss_100C_1v60     │ 0.8976   │ 0.8976   │ 0.0000   │ 0        │ 0         │ 12.1146  │ 12.1146   │ 0.0000   │ 0         │ 0        │ 34        │ 218      │
│ max_ff_n40C_1v95     │ 0.1115   │ 0.1115   │ 0.0000   │ 0        │ 0         │ 17.6961  │ 20.3457   │ 0.0000   │ 0         │ 0        │ 35        │ 0        │
└──────────────────────┴──────────┴──────────┴──────────┴──────────┴───────────┴──────────┴───────────┴──────────┴───────────┴──────────┴───────────┴──────────┘
