Clock: clk
Sources: clk 
Generated: no
Virtual: yes
Propagated: no
Period: 25.000000

===========================================================================
report_clock_properties
============================================================================
Clock                   Period          Waveform
----------------------------------------------------
clk                  25.000000    0.000000 12.500000

===========================================================================
report_clock_latency
============================================================================
Clock clk
rise -> rise
    min     max
0.000000 0.000000 source latency
2.669161         network latency _4778_/CLK
        3.134381 network latency _4748_/CLK
---------------
2.669161 3.134381 latency
        0.465219 skew

fall -> fall
    min     max
0.000000 0.000000 source latency
2.290028         network latency _4778_/CLK
        2.702670 network latency _4956_/CLK
---------------
2.290028 2.702670 latency
        0.412642 skew



===========================================================================
report_clock_min_period
============================================================================
clk period_min = 12.15 fmax = 82.28
