
===========================================================================
 report_power
============================================================================
======================= min_ss_100C_1v60 Corner ===================================

Group                    Internal    Switching      Leakage        Total
                            Power        Power        Power        Power (Watts)
------------------------------------------------------------------------
Sequential           1.133101e-03 2.877043e-04 1.379872e-05 1.434604e-03  30.3%
Combinational        5.977343e-04 8.596953e-04 2.044263e-05 1.477872e-03  31.3%
Clock                1.132501e-03 6.784152e-04 4.576589e-06 1.815493e-03  38.4%
Macro                0.000000e+00 0.000000e+00 0.000000e+00 0.000000e+00   0.0%
Pad                  0.000000e+00 0.000000e+00 0.000000e+00 0.000000e+00   0.0%
------------------------------------------------------------------------
Total                2.863336e-03 1.825813e-03 3.881844e-05 4.727968e-03 100.0%
                            60.6%        38.6%         0.8%

