Clock: clk
Sources: clk 
Generated: no
Virtual: yes
Propagated: no
Period: 25.000000

===========================================================================
report_clock_properties
============================================================================
Clock                   Period          Waveform
----------------------------------------------------
clk                  25.000000    0.000000 12.500000

===========================================================================
report_clock_latency
============================================================================
Clock clk
rise -> rise
    min     max
0.000000 0.000000 source latency
1.139537         network latency _4778_/CLK
        1.352176 network latency _4956_/CLK
---------------
1.139537 1.352176 latency
        0.212639 skew

fall -> fall
    min     max
0.000000 0.000000 source latency
0.960252         network latency _5343_/CLK
        1.174904 network latency _4956_/CLK
---------------
0.960252 1.174904 latency
        0.214651 skew



===========================================================================
report_clock_min_period
============================================================================
clk period_min = 4.65 fmax = 214.86
