
===========================================================================
 report_power
============================================================================
======================= max_ff_n40C_1v95 Corner ===================================

Group                    Internal    Switching      Leakage        Total
                            Power        Power        Power        Power (Watts)
------------------------------------------------------------------------
Sequential           1.689913e-03 4.852207e-04 1.340238e-08 2.175148e-03  30.4%
Combinational        8.337346e-04 1.424380e-03 3.665559e-08 2.258151e-03  31.6%
Clock                1.586710e-03 1.127654e-03 1.868363e-07 2.714551e-03  38.0%
Macro                0.000000e+00 0.000000e+00 0.000000e+00 0.000000e+00   0.0%
Pad                  0.000000e+00 0.000000e+00 0.000000e+00 0.000000e+00   0.0%
------------------------------------------------------------------------
Total                4.110356e-03 3.037254e-03 2.368947e-07 7.147846e-03 100.0%
                            57.5%        42.5%         0.0%

