
===========================================================================
 report_power
============================================================================
======================= nom_tt_025C_1v80 Corner ===================================

Group                    Internal    Switching      Leakage        Total
                            Power        Power        Power        Power (Watts)
------------------------------------------------------------------------
Sequential           1.451035e-03 3.067755e-04 7.804959e-09 1.757819e-03  69.1%
Combinational        5.870147e-04 1.974660e-04 1.000793e-08 7.844907e-04  30.9%
Clock                0.000000e+00 0.000000e+00 0.000000e+00 0.000000e+00   0.0%
Macro                0.000000e+00 0.000000e+00 0.000000e+00 0.000000e+00   0.0%
Pad                  0.000000e+00 0.000000e+00 0.000000e+00 0.000000e+00   0.0%
------------------------------------------------------------------------
Total                2.038051e-03 5.042416e-04 1.781274e-08 2.542311e-03 100.0%
                            80.2%        19.8%         0.0%

