Clock: clk
Sources: clk 
Generated: no
Virtual: yes
Propagated: no
Period: 25.000000

===========================================================================
report_clock_properties
============================================================================
Clock                   Period          Waveform
----------------------------------------------------
clk                  25.000000    0.000000 12.500000

===========================================================================
report_clock_latency
============================================================================
Clock clk
rise -> rise
    min     max
0.000000 0.000000 source latency
1.091241         network latency _4778_/CLK
        1.296493 network latency _4956_/CLK
---------------
1.091241 1.296493 latency
        0.205252 skew

fall -> fall
    min     max
0.000000 0.000000 source latency
0.922451         network latency _5343_/CLK
        1.120392 network latency _4956_/CLK
---------------
0.922451 1.120392 latency
        0.197941 skew



===========================================================================
report_clock_min_period
============================================================================
clk period_min = 4.44 fmax = 225.09
