
===========================================================================
 report_power
============================================================================
======================= nom_ff_n40C_1v95 Corner ===================================

Group                    Internal    Switching      Leakage        Total
                            Power        Power        Power        Power (Watts)
------------------------------------------------------------------------
Sequential           1.690093e-03 4.630264e-04 1.340238e-08 2.153133e-03  30.7%
Combinational        8.323408e-04 1.365547e-03 3.665559e-08 2.197924e-03  31.3%
Clock                1.585803e-03 1.080093e-03 1.868363e-07 2.666084e-03  38.0%
Macro                0.000000e+00 0.000000e+00 0.000000e+00 0.000000e+00   0.0%
Pad                  0.000000e+00 0.000000e+00 0.000000e+00 0.000000e+00   0.0%
------------------------------------------------------------------------
Total                4.108244e-03 2.908665e-03 2.368947e-07 7.017146e-03 100.0%
                            58.5%        41.5%         0.0%

