
===========================================================================
 report_power
============================================================================
======================= nom_tt_025C_1v80 Corner ===================================

Group                    Internal    Switching      Leakage        Total
                            Power        Power        Power        Power (Watts)
------------------------------------------------------------------------
Sequential           1.457924e-03 3.078081e-04 8.326448e-09 1.765740e-03  31.4%
Combinational        7.404541e-04 9.472005e-04 1.619173e-08 1.687671e-03  30.1%
Clock                1.385972e-03 7.761708e-04 7.100066e-09 2.162150e-03  38.5%
Macro                0.000000e+00 0.000000e+00 0.000000e+00 0.000000e+00   0.0%
Pad                  0.000000e+00 0.000000e+00 0.000000e+00 0.000000e+00   0.0%
------------------------------------------------------------------------
Total                3.584349e-03 2.031180e-03 3.161911e-08 5.615561e-03 100.0%
                            63.8%        36.2%         0.0%
Writing metric power__internal__total: 0.003584349062293768
Writing metric power__switching__total: 0.0020311803091317415
Writing metric power__leakage__total: 3.161911266147399e-8
Writing metric power__total: 0.00561556126922369

