
===========================================================================
 report_power
============================================================================
======================= nom_tt_025C_1v80 Corner ===================================

Group                    Internal    Switching      Leakage        Total
                            Power        Power        Power        Power (Watts)
------------------------------------------------------------------------
Sequential           1.456966e-03 3.909158e-04 8.326448e-09 1.847890e-03  30.6%
Combinational        7.397573e-04 1.157515e-03 1.619195e-08 1.897289e-03  31.4%
Clock                1.388874e-03 9.112275e-04 1.510472e-07 2.300253e-03  38.0%
Macro                0.000000e+00 0.000000e+00 0.000000e+00 0.000000e+00   0.0%
Pad                  0.000000e+00 0.000000e+00 0.000000e+00 0.000000e+00   0.0%
------------------------------------------------------------------------
Total                3.585593e-03 2.459664e-03 1.755722e-07 6.045433e-03 100.0%
                            59.3%        40.7%         0.0%

