
===========================================================================
report_checks -unconstrained
===========================================================================
======================= max_ss_100C_1v60 Corner ===================================

Startpoint: rst (input port clocked by clk)
Endpoint: _5359_ (recovery check against rising-edge clock clk)
Path Group: asynchronous
Path Type: max

Fanout         Cap        Slew       Delay        Time   Description
---------------------------------------------------------------------------------------------
                                  0.000000    0.000000   clock clk (rise edge)
                                  0.000000    0.000000   clock network delay (propagated)
                                  5.000000    5.000000 v input external delay
     1    0.009210    0.044166    0.029067    5.029067 v rst (in)
                                                         rst (net)
                      0.044173    0.000000    5.029067 v input258/A (sky130_fd_sc_hd__buf_12)
     3    0.169776    0.142424    0.271062    5.300129 v input258/X (sky130_fd_sc_hd__buf_12)
                                                         net258 (net)
                      0.261343    0.107577    5.407706 v fanout751/A (sky130_fd_sc_hd__buf_12)
     4    0.116505    0.120412    0.367774    5.775480 v fanout751/X (sky130_fd_sc_hd__buf_12)
                                                         net751 (net)
                      0.120579    0.003240    5.778719 v max_cap752/A (sky130_fd_sc_hd__buf_12)
     4    0.132614    0.123316    0.299133    6.077853 v max_cap752/X (sky130_fd_sc_hd__buf_12)
                                                         net752 (net)
                      0.185106    0.067093    6.144945 v fanout738/A (sky130_fd_sc_hd__buf_4)
     7    0.072820    0.183393    0.415436    6.560381 v fanout738/X (sky130_fd_sc_hd__buf_4)
                                                         net738 (net)
                      0.183544    0.002088    6.562469 v fanout732/A (sky130_fd_sc_hd__buf_4)
    10    0.067980    0.172227    0.410002    6.972472 v fanout732/X (sky130_fd_sc_hd__buf_4)
                                                         net732 (net)
                      0.172263    0.002683    6.975155 v fanout731/A (sky130_fd_sc_hd__buf_2)
     6    0.047935    0.220600    0.433600    7.408755 v fanout731/X (sky130_fd_sc_hd__buf_2)
                                                         net731 (net)
                      0.220602    0.001252    7.410007 v fanout729/A (sky130_fd_sc_hd__buf_2)
     5    0.042333    0.198641    0.441484    7.851490 v fanout729/X (sky130_fd_sc_hd__buf_2)
                                                         net729 (net)
                      0.198690    0.002987    7.854477 v _3596_/A (sky130_fd_sc_hd__inv_2)
     1    0.004544    0.070693    0.126430    7.980908 ^ _3596_/Y (sky130_fd_sc_hd__inv_2)
                                                         _1258_ (net)
                      0.070693    0.000252    7.981160 ^ _5359_/RESET_B (sky130_fd_sc_hd__dfrtp_4)
                                              7.981160   data arrival time

                                 25.000000   25.000000   clock clk (rise edge)
                                  0.000000   25.000000   clock source latency
     2    0.118766    0.853316    0.605146   25.605145 ^ clk (in)
                                                         clk (net)
                      0.853768    0.000000   25.605145 ^ clkbuf_0_clk/A (sky130_fd_sc_hd__clkbuf_16)
     3    0.102608    0.189084    0.611250   26.216394 ^ clkbuf_0_clk/X (sky130_fd_sc_hd__clkbuf_16)
                                                         clknet_0_clk (net)
                      0.191268    0.015243   26.231638 ^ clkbuf_1_1_0_clk/A (sky130_fd_sc_hd__clkbuf_8)
     2    0.103677    0.287358    0.444187   26.675825 ^ clkbuf_1_1_0_clk/X (sky130_fd_sc_hd__clkbuf_8)
                                                         clknet_1_1_0_clk (net)
                      0.288832    0.016708   26.692533 ^ clkbuf_2_2_0_clk/A (sky130_fd_sc_hd__clkbuf_8)
     4    0.107466    0.300239    0.482611   27.175144 ^ clkbuf_2_2_0_clk/X (sky130_fd_sc_hd__clkbuf_8)
                                                         clknet_2_2_0_clk (net)
                      0.303400    0.024981   27.200125 ^ clkbuf_4_8_0_clk/A (sky130_fd_sc_hd__clkbuf_8)
     2    0.040184    0.131653    0.380108   27.580235 ^ clkbuf_4_8_0_clk/X (sky130_fd_sc_hd__clkbuf_8)
                                                         clknet_4_8_0_clk (net)
                      0.132099    0.006532   27.586765 ^ clkbuf_5_17__f_clk/A (sky130_fd_sc_hd__clkbuf_16)
     6    0.057576    0.117403    0.295072   27.881838 ^ clkbuf_5_17__f_clk/X (sky130_fd_sc_hd__clkbuf_16)
                                                         clknet_5_17__leaf_clk (net)
                      0.118323    0.007544   27.889381 ^ clkbuf_leaf_205_clk/A (sky130_fd_sc_hd__clkbuf_8)
     4    0.013703    0.069292    0.243290   28.132671 ^ clkbuf_leaf_205_clk/X (sky130_fd_sc_hd__clkbuf_8)
                                                         clknet_leaf_205_clk (net)
                      0.069294    0.000711   28.133383 ^ _5359_/CLK (sky130_fd_sc_hd__dfrtp_4)
                                 -0.250000   27.883383   clock uncertainty
                                  0.000000   27.883383   clock reconvergence pessimism
                                  0.443315   28.326698   library recovery time
                                             28.326698   data required time
---------------------------------------------------------------------------------------------
                                             28.326698   data required time
                                             -7.981160   data arrival time
---------------------------------------------------------------------------------------------
                                             20.345539   slack (MET)


Startpoint: _5443_ (rising edge-triggered flip-flop clocked by clk)
Endpoint: _5191_ (rising edge-triggered flip-flop clocked by clk)
Path Group: clk
Path Type: max

Fanout         Cap        Slew       Delay        Time   Description
---------------------------------------------------------------------------------------------
                                  0.000000    0.000000   clock clk (rise edge)
                                  0.000000    0.000000   clock source latency
     2    0.118766    0.853316    0.605146    0.605146 ^ clk (in)
                                                         clk (net)
                      0.853768    0.000000    0.605146 ^ clkbuf_0_clk/A (sky130_fd_sc_hd__clkbuf_16)
     3    0.102608    0.189084    0.611249    1.216395 ^ clkbuf_0_clk/X (sky130_fd_sc_hd__clkbuf_16)
                                                         clknet_0_clk (net)
                      0.191177    0.014887    1.231282 ^ clkbuf_1_0_0_clk/A (sky130_fd_sc_hd__clkbuf_8)
     3    0.105144    0.292422    0.442892    1.674174 ^ clkbuf_1_0_0_clk/X (sky130_fd_sc_hd__clkbuf_8)
                                                         clknet_1_0_0_clk (net)
                      0.294050    0.017799    1.691973 ^ clkbuf_2_0_0_clk/A (sky130_fd_sc_hd__clkbuf_8)
     5    0.113234    0.316539    0.484840    2.176813 ^ clkbuf_2_0_0_clk/X (sky130_fd_sc_hd__clkbuf_8)
                                                         clknet_2_0_0_clk (net)
                      0.326678    0.044792    2.221605 ^ clkbuf_4_1_0_clk/A (sky130_fd_sc_hd__clkbuf_8)
     2    0.048336    0.151729    0.403916    2.625521 ^ clkbuf_4_1_0_clk/X (sky130_fd_sc_hd__clkbuf_8)
                                                         clknet_4_1_0_clk (net)
                      0.152625    0.008558    2.634080 ^ clkbuf_5_2__f_clk/A (sky130_fd_sc_hd__clkbuf_16)
     7    0.063090    0.125065    0.310467    2.944547 ^ clkbuf_5_2__f_clk/X (sky130_fd_sc_hd__clkbuf_16)
                                                         clknet_5_2__leaf_clk (net)
                      0.126211    0.009354    2.953902 ^ clkbuf_leaf_17_clk/A (sky130_fd_sc_hd__clkbuf_8)
     5    0.019623    0.082540    0.260151    3.214052 ^ clkbuf_leaf_17_clk/X (sky130_fd_sc_hd__clkbuf_8)
                                                         clknet_leaf_17_clk (net)
                      0.082557    0.001134    3.215186 ^ _5443_/CLK (sky130_fd_sc_hd__dfrtp_4)
     9    0.066755    0.262626    1.178854    4.394040 v _5443_/Q (sky130_fd_sc_hd__dfrtp_4)
                                                         net316 (net)
                      0.262807    0.006472    4.400512 v _4663_/B (sky130_fd_sc_hd__nand2b_1)
     2    0.008424    0.169082    0.256467    4.656979 ^ _4663_/Y (sky130_fd_sc_hd__nand2b_1)
                                                         _2035_ (net)
                      0.169082    0.000568    4.657547 ^ _4666_/B1 (sky130_fd_sc_hd__o2111a_1)
     2    0.005237    0.125862    0.458367    5.115913 ^ _4666_/X (sky130_fd_sc_hd__o2111a_1)
                                                         _2038_ (net)
                      0.125862    0.000279    5.116192 ^ _4670_/D_N (sky130_fd_sc_hd__or4b_2)
     2    0.029980    0.376850    1.694966    6.811158 v _4670_/X (sky130_fd_sc_hd__or4b_2)
                                                         _2042_ (net)
                      0.376896    0.004323    6.815481 v _4676_/B (sky130_fd_sc_hd__or4_1)
     1    0.004790    0.205707    1.321761    8.137242 v _4676_/X (sky130_fd_sc_hd__or4_1)
                                                         _2048_ (net)
                      0.205707    0.000311    8.137553 v _4677_/B (sky130_fd_sc_hd__or2_2)
     1    0.027632    0.223698    0.836020    8.973574 v _4677_/X (sky130_fd_sc_hd__or2_2)
                                                         _2049_ (net)
                      0.223772    0.003844    8.977417 v wire589/A (sky130_fd_sc_hd__clkbuf_16)
     2    0.264694    0.231256    0.420855    9.398273 v wire589/X (sky130_fd_sc_hd__clkbuf_16)
                                                         net589 (net)
                      0.493533    0.216167    9.614439 v _4733_/A (sky130_fd_sc_hd__nor4_1)
     1    0.013515    1.034324    1.129246   10.743686 ^ _4733_/Y (sky130_fd_sc_hd__nor4_1)
                                                         _2105_ (net)
                      1.034326    0.001440   10.745125 ^ wire587/A (sky130_fd_sc_hd__clkbuf_2)
     1    0.023520    0.215741    0.616595   11.361720 ^ wire587/X (sky130_fd_sc_hd__clkbuf_2)
                                                         net587 (net)
                      0.215806    0.003667   11.365387 ^ wire586/A (sky130_fd_sc_hd__clkbuf_4)
     1    0.023767    0.134042    0.360775   11.726163 ^ wire586/X (sky130_fd_sc_hd__clkbuf_4)
                                                         net586 (net)
                      0.134167    0.003733   11.729896 ^ wire585/A (sky130_fd_sc_hd__buf_4)
     1    0.030817    0.151258    0.297300   12.027196 ^ wire585/X (sky130_fd_sc_hd__buf_4)
                                                         net585 (net)
                      0.151679    0.005635   12.032830 ^ _4734_/B1 (sky130_fd_sc_hd__a211o_4)
     1    0.068256    0.282223    0.347199   12.380029 ^ _4734_/X (sky130_fd_sc_hd__a211o_4)
                                                         _2106_ (net)
                      0.285055    0.022800   12.402829 ^ fanout523/A (sky130_fd_sc_hd__buf_12)
     5    0.261706    0.458500    0.505342   12.908172 ^ fanout523/X (sky130_fd_sc_hd__buf_12)
                                                         net523 (net)
                      0.473261    0.064152   12.972324 ^ wire524/A (sky130_fd_sc_hd__buf_12)
     5    0.258218    0.454062    0.525249   13.497573 ^ wire524/X (sky130_fd_sc_hd__buf_12)
                                                         net524 (net)
                      0.514868    0.125450   13.623023 ^ fanout520/A (sky130_fd_sc_hd__buf_2)
     5    0.045506    0.357023    0.586433   14.209456 ^ fanout520/X (sky130_fd_sc_hd__buf_2)
                                                         net520 (net)
                      0.357023    0.001411   14.210868 ^ _2423_/S (sky130_fd_sc_hd__mux2_8)
     2    0.147762    0.250902    0.965564   15.176432 v _2423_/X (sky130_fd_sc_hd__mux2_8)
                                                         _0500_ (net)
                      0.310495    0.092840   15.269271 v _5191_/D (sky130_fd_sc_hd__dfrtp_1)
                                             15.269271   data arrival time

                                 25.000000   25.000000   clock clk (rise edge)
                                  0.000000   25.000000   clock source latency
     2    0.118766    0.853316    0.605146   25.605145 ^ clk (in)
                                                         clk (net)
                      0.853768    0.000000   25.605145 ^ clkbuf_0_clk/A (sky130_fd_sc_hd__clkbuf_16)
     3    0.102608    0.189084    0.611250   26.216394 ^ clkbuf_0_clk/X (sky130_fd_sc_hd__clkbuf_16)
                                                         clknet_0_clk (net)
                      0.191177    0.014886   26.231281 ^ clkbuf_1_0_0_clk/A (sky130_fd_sc_hd__clkbuf_8)
     3    0.105144    0.292422    0.442892   26.674173 ^ clkbuf_1_0_0_clk/X (sky130_fd_sc_hd__clkbuf_8)
                                                         clknet_1_0_0_clk (net)
                      0.294050    0.017799   26.691973 ^ clkbuf_2_0_0_clk/A (sky130_fd_sc_hd__clkbuf_8)
     5    0.113234    0.316539    0.484841   27.176813 ^ clkbuf_2_0_0_clk/X (sky130_fd_sc_hd__clkbuf_8)
                                                         clknet_2_0_0_clk (net)
                      0.324159    0.039153   27.215965 ^ clkbuf_4_3_0_clk/A (sky130_fd_sc_hd__clkbuf_8)
     2    0.048458    0.152018    0.403279   27.619244 ^ clkbuf_4_3_0_clk/X (sky130_fd_sc_hd__clkbuf_8)
                                                         clknet_4_3_0_clk (net)
                      0.152786    0.007935   27.627180 ^ clkbuf_5_7__f_clk/A (sky130_fd_sc_hd__clkbuf_16)
    11    0.095517    0.170640    0.344647   27.971827 ^ clkbuf_5_7__f_clk/X (sky130_fd_sc_hd__clkbuf_16)
                                                         clknet_5_7__leaf_clk (net)
                      0.171891    0.011616   27.983442 ^ _5191_/CLK (sky130_fd_sc_hd__dfrtp_1)
                                 -0.250000   27.733442   clock uncertainty
                                  0.000000   27.733442   clock reconvergence pessimism
                                 -0.349523   27.383921   library setup time
                                             27.383921   data required time
---------------------------------------------------------------------------------------------
                                             27.383921   data required time
                                            -15.269271   data arrival time
---------------------------------------------------------------------------------------------
                                             12.114649   slack (MET)




===========================================================================
report_checks --slack_max -0.01
============================================================================
======================= max_ss_100C_1v60 Corner ===================================

No paths found.


===========================================================================
 report_check_types -max_slew -max_cap -max_fanout -violators
============================================================================
======================= max_ss_100C_1v60 Corner ===================================

max slew

Pin                                        Limit        Slew       Slack
------------------------------------------------------------------------
_4234_/A1                               0.750000    1.273184   -0.523184 (VIOLATED)
_4001_/A2                               0.750000    1.272989   -0.522989 (VIOLATED)
_3992_/A1_N                             0.750000    1.272844   -0.522844 (VIOLATED)
_4228_/B2                               0.750000    1.207162   -0.457162 (VIOLATED)
ANTENNA_208/DIODE                       0.750000    1.207156   -0.457156 (VIOLATED)
_4285_/A0                               0.750000    1.205675   -0.455675 (VIOLATED)
_4317_/A1                               0.750000    1.205554   -0.455554 (VIOLATED)
output444/A                             0.750000    1.205227   -0.455227 (VIOLATED)
_4034_/A1                               0.750000    1.205223   -0.455223 (VIOLATED)
_4066_/A0                               0.750000    1.205219   -0.455219 (VIOLATED)
_4815_/Q                                0.750000    1.205085   -0.455085 (VIOLATED)
_2478_/C1                               0.750000    1.092076   -0.342076 (VIOLATED)
_2532_/A1                               0.750000    1.091941   -0.341941 (VIOLATED)
_2500_/A0                               0.750000    1.091831   -0.341831 (VIOLATED)
_4433_/A2                               0.750000    1.073543   -0.323543 (VIOLATED)
_4410_/B1                               0.750000    1.073436   -0.323436 (VIOLATED)
output510/A                             0.750000    1.060130   -0.310130 (VIOLATED)
_4437_/A0                               0.750000    1.060083   -0.310083 (VIOLATED)
_4469_/A1                               0.750000    1.060075   -0.310075 (VIOLATED)
_4747_/Q                                0.750000    1.059993   -0.309993 (VIOLATED)
wire587/A                               0.750000    1.034326   -0.284326 (VIOLATED)
_4733_/Y                                0.750000    1.034324   -0.284324 (VIOLATED)
_4519_/D1                               0.750000    1.033462   -0.283462 (VIOLATED)
_4518_/A1                               0.750000    1.033340   -0.283340 (VIOLATED)
ANTENNA_101/DIODE                       0.750000    1.033228   -0.283228 (VIOLATED)
_4578_/A2                               0.750000    1.032319   -0.282319 (VIOLATED)
ANTENNA_311/DIODE                       0.750000    1.032312   -0.282312 (VIOLATED)
ANTENNA_309/DIODE                       0.750000    1.032310   -0.282311 (VIOLATED)
ANTENNA_307/DIODE                       0.750000    1.032309   -0.282309 (VIOLATED)
ANTENNA_305/DIODE                       0.750000    1.032307   -0.282307 (VIOLATED)
ANTENNA_306/DIODE                       0.750000    1.032288   -0.282288 (VIOLATED)
ANTENNA_308/DIODE                       0.750000    1.032283   -0.282283 (VIOLATED)
ANTENNA_310/DIODE                       0.750000    1.032277   -0.282277 (VIOLATED)
wire590/A                               0.750000    1.010910   -0.260910 (VIOLATED)
ANTENNA_81/DIODE                        0.750000    1.010878   -0.260878 (VIOLATED)
_3974_/Y                                0.750000    1.007856   -0.257856 (VIOLATED)
_4267_/A                                0.750000    1.002227   -0.252227 (VIOLATED)
ANTENNA_87/DIODE                        0.750000    1.002213   -0.252213 (VIOLATED)
_4512_/X                                0.750000    0.985350   -0.235350 (VIOLATED)
_4563_/X                                0.750000    0.984676   -0.234676 (VIOLATED)
_4210_/A1                               0.750000    0.955376   -0.205376 (VIOLATED)
_4179_/A                                0.750000    0.955359   -0.205359 (VIOLATED)
_4210_/A2                               0.750000    0.947220   -0.197220 (VIOLATED)
_4179_/B                                0.750000    0.947211   -0.197211 (VIOLATED)
_4145_/B                                0.750000    0.944207   -0.194207 (VIOLATED)
_4168_/A_N                              0.750000    0.944191   -0.194191 (VIOLATED)
_4188_/A0                               0.750000    0.943536   -0.193536 (VIOLATED)
_4278_/B1                               0.750000    0.931837   -0.181837 (VIOLATED)
_4252_/X                                0.750000    0.931756   -0.181756 (VIOLATED)
_4372_/B1                               0.750000    0.919976   -0.169976 (VIOLATED)
ANTENNA_95/DIODE                        0.750000    0.919928   -0.169928 (VIOLATED)
_4029_/B1                               0.750000    0.918625   -0.168625 (VIOLATED)
_2572_/A1                               0.750000    0.905711   -0.155711 (VIOLATED)
_3931_/A1                               0.750000    0.903009   -0.153009 (VIOLATED)
output406/A                             0.750000    0.902981   -0.152981 (VIOLATED)
_5300_/Q                                0.750000    0.902930   -0.152930 (VIOLATED)
_4028_/Y                                0.750000    0.899039   -0.149039 (VIOLATED)
_2486_/C                                0.750000    0.896995   -0.146995 (VIOLATED)
ANTENNA_111/DIODE                       0.750000    0.896993   -0.146993 (VIOLATED)
ANTENNA_109/DIODE                       0.750000    0.896992   -0.146992 (VIOLATED)
ANTENNA_112/DIODE                       0.750000    0.896987   -0.146987 (VIOLATED)
ANTENNA_110/DIODE                       0.750000    0.896986   -0.146986 (VIOLATED)
ANTENNA_108/DIODE                       0.750000    0.896984   -0.146984 (VIOLATED)
ANTENNA_122/DIODE                       0.750000    0.896967   -0.146967 (VIOLATED)
ANTENNA_120/DIODE                       0.750000    0.896962   -0.146962 (VIOLATED)
ANTENNA_118/DIODE                       0.750000    0.896956   -0.146956 (VIOLATED)
ANTENNA_116/DIODE                       0.750000    0.896949   -0.146949 (VIOLATED)
ANTENNA_114/DIODE                       0.750000    0.896941   -0.146941 (VIOLATED)
ANTENNA_113/DIODE                       0.750000    0.896906   -0.146906 (VIOLATED)
ANTENNA_115/DIODE                       0.750000    0.896881   -0.146881 (VIOLATED)
ANTENNA_117/DIODE                       0.750000    0.896853   -0.146853 (VIOLATED)
ANTENNA_119/DIODE                       0.750000    0.896823   -0.146823 (VIOLATED)
ANTENNA_123/DIODE                       0.750000    0.896794   -0.146794 (VIOLATED)
ANTENNA_121/DIODE                       0.750000    0.896609   -0.146609 (VIOLATED)
_4177_/X                                0.750000    0.896214   -0.146214 (VIOLATED)
_2575_/A0                               0.750000    0.893877   -0.143877 (VIOLATED)
_4140_/B                                0.750000    0.893866   -0.143866 (VIOLATED)
_4139_/A_N                              0.750000    0.893863   -0.143863 (VIOLATED)
_4191_/A1                               0.750000    0.893855   -0.143855 (VIOLATED)
_3733_/A                                0.750000    0.893840   -0.143840 (VIOLATED)
output374/A                             0.750000    0.893061   -0.143061 (VIOLATED)
ANTENNA_204/DIODE                       0.750000    0.893058   -0.143058 (VIOLATED)
_4595_/A1                               0.750000    0.891833   -0.141833 (VIOLATED)
_4541_/B                                0.750000    0.891214   -0.141214 (VIOLATED)
_4542_/A_N                              0.750000    0.891207   -0.141207 (VIOLATED)
_4627_/A0                               0.750000    0.891113   -0.141113 (VIOLATED)
_5367_/Q                                0.750000    0.890990   -0.140990 (VIOLATED)
_4432_/A1                               0.750000    0.889658   -0.139658 (VIOLATED)
_4176_/X                                0.750000    0.880666   -0.130666 (VIOLATED)
output431/A                             0.750000    0.869717   -0.119717 (VIOLATED)
ANTENNA_206/DIODE                       0.750000    0.869707   -0.119707 (VIOLATED)
ANTENNA_207/DIODE                       0.750000    0.869705   -0.119705 (VIOLATED)
_2499_/C                                0.750000    0.866664   -0.116664 (VIOLATED)
_4356_/X                                0.750000    0.858524   -0.108524 (VIOLATED)
_2484_/X                                0.750000    0.855637   -0.105637 (VIOLATED)
clkbuf_0_clk/A                          0.750000    0.853768   -0.103768 (VIOLATED)
ANTENNA_125/DIODE                       0.750000    0.853758   -0.103758 (VIOLATED)
clk                                     0.750000    0.853316   -0.103317 (VIOLATED)
_4518_/B1                               0.750000    0.846442   -0.096442 (VIOLATED)
ANTENNA_100/DIODE                       0.750000    0.846429   -0.096429 (VIOLATED)
_3885_/A1                               0.750000    0.844604   -0.094604 (VIOLATED)
_4094_/A                                0.750000    0.844581   -0.094581 (VIOLATED)
_4173_/A1                               0.750000    0.844580   -0.094580 (VIOLATED)
_4212_/A1                               0.750000    0.844559   -0.094559 (VIOLATED)
_2595_/B1                               0.750000    0.844552   -0.094552 (VIOLATED)
_5323_/Q                                0.750000    0.844501   -0.094501 (VIOLATED)
output511/A                             0.750000    0.841238   -0.091238 (VIOLATED)
_2479_/B2                               0.750000    0.841041   -0.091041 (VIOLATED)
_2501_/A0                               0.750000    0.841026   -0.091026 (VIOLATED)
_2533_/A1                               0.750000    0.841020   -0.091020 (VIOLATED)
_4438_/A0                               0.750000    0.840997   -0.090997 (VIOLATED)
_2478_/A1                               0.750000    0.840934   -0.090934 (VIOLATED)
_4470_/A1                               0.750000    0.840874   -0.090874 (VIOLATED)
ANTENNA_254/DIODE                       0.750000    0.840859   -0.090859 (VIOLATED)
_4410_/A2                               0.750000    0.837982   -0.087982 (VIOLATED)
_4409_/B                                0.750000    0.837981   -0.087981 (VIOLATED)
ANTENNA_253/DIODE                       0.750000    0.837970   -0.087970 (VIOLATED)
_4748_/Q                                0.750000    0.837706   -0.087706 (VIOLATED)
_4280_/B                                0.750000    0.830607   -0.080607 (VIOLATED)
ANTENNA_92/DIODE                        0.750000    0.830559   -0.080559 (VIOLATED)
output465/A                             0.750000    0.825879   -0.075879 (VIOLATED)
ANTENNA_338/DIODE                       0.750000    0.825868   -0.075868 (VIOLATED)
_2493_/X                                0.750000    0.825559   -0.075560 (VIOLATED)
ANTENNA_233/DIODE                       0.750000    0.822992   -0.072992 (VIOLATED)
ANTENNA_231/DIODE                       0.750000    0.822991   -0.072991 (VIOLATED)
ANTENNA_229/DIODE                       0.750000    0.822971   -0.072971 (VIOLATED)
ANTENNA_227/DIODE                       0.750000    0.822951   -0.072951 (VIOLATED)
ANTENNA_226/DIODE                       0.750000    0.822930   -0.072930 (VIOLATED)
_4304_/A0                               0.750000    0.822261   -0.072261 (VIOLATED)
ANTENNA_228/DIODE                       0.750000    0.822184   -0.072184 (VIOLATED)
ANTENNA_232/DIODE                       0.750000    0.821891   -0.071891 (VIOLATED)
ANTENNA_230/DIODE                       0.750000    0.821889   -0.071889 (VIOLATED)
_4511_/X                                0.750000    0.810704   -0.060704 (VIOLATED)
_4085_/A0                               0.750000    0.801174   -0.051174 (VIOLATED)
_4053_/A1                               0.750000    0.801169   -0.051169 (VIOLATED)
_3708_/A                                0.750000    0.801148   -0.051148 (VIOLATED)
_4260_/B                                0.750000    0.801018   -0.051018 (VIOLATED)
_4336_/A1                               0.750000    0.800206   -0.050206 (VIOLATED)
_4834_/Q                                0.750000    0.800012   -0.050012 (VIOLATED)
_4108_/B1                               0.750000    0.798749   -0.048749 (VIOLATED)
_4175_/B                                0.750000    0.798742   -0.048742 (VIOLATED)
ANTENNA_82/DIODE                        0.750000    0.798735   -0.048735 (VIOLATED)
ANTENNA_83/DIODE                        0.750000    0.798734   -0.048734 (VIOLATED)
output499/A                             0.750000    0.797492   -0.047492 (VIOLATED)
_4363_/A1                               0.750000    0.796825   -0.046825 (VIOLATED)
_4279_/X                                0.750000    0.796684   -0.046684 (VIOLATED)
_4357_/B                                0.750000    0.796411   -0.046411 (VIOLATED)
ANTENNA_251/DIODE                       0.750000    0.795852   -0.045852 (VIOLATED)
ANTENNA_249/DIODE                       0.750000    0.795840   -0.045840 (VIOLATED)
ANTENNA_247/DIODE                       0.750000    0.795828   -0.045828 (VIOLATED)
ANTENNA_245/DIODE                       0.750000    0.795815   -0.045815 (VIOLATED)
_4459_/A1                               0.750000    0.795799   -0.045799 (VIOLATED)
_4491_/A0                               0.750000    0.795772   -0.045772 (VIOLATED)
ANTENNA_246/DIODE                       0.750000    0.795735   -0.045735 (VIOLATED)
ANTENNA_248/DIODE                       0.750000    0.795720   -0.045720 (VIOLATED)
ANTENNA_250/DIODE                       0.750000    0.795702   -0.045702 (VIOLATED)
ANTENNA_252/DIODE                       0.750000    0.795684   -0.045684 (VIOLATED)
_4436_/A3                               0.750000    0.791655   -0.041655 (VIOLATED)
ANTENNA_99/DIODE                        0.750000    0.791653   -0.041653 (VIOLATED)
_4432_/Y                                0.750000    0.790667   -0.040667 (VIOLATED)
_4287_/A0                               0.750000    0.788190   -0.038190 (VIOLATED)
_4319_/A1                               0.750000    0.788120   -0.038120 (VIOLATED)
_4236_/A1                               0.750000    0.787733   -0.037733 (VIOLATED)
_4226_/B2                               0.750000    0.787690   -0.037690 (VIOLATED)
ANTENNA_211/DIODE                       0.750000    0.787671   -0.037671 (VIOLATED)
_4176_/B1                               0.750000    0.784560   -0.034560 (VIOLATED)
ANTENNA_85/DIODE                        0.750000    0.784517   -0.034517 (VIOLATED)
_4262_/A2                               0.750000    0.781810   -0.031810 (VIOLATED)
_4258_/B1                               0.750000    0.781800   -0.031800 (VIOLATED)
_4335_/A0                               0.750000    0.780984   -0.030984 (VIOLATED)
_4303_/A1                               0.750000    0.780984   -0.030984 (VIOLATED)
_4801_/Q                                0.750000    0.780954   -0.030954 (VIOLATED)
_4258_/A2                               0.750000    0.772029   -0.022029 (VIOLATED)
_4336_/A0                               0.750000    0.772022   -0.022022 (VIOLATED)
_4260_/A_N                              0.750000    0.771975   -0.021975 (VIOLATED)
_2423_/A1                               0.750000    0.769490   -0.019490 (VIOLATED)
_2391_/A0                               0.750000    0.769486   -0.019487 (VIOLATED)
_4660_/C1                               0.750000    0.768344   -0.018344 (VIOLATED)
_4729_/B1                               0.750000    0.768252   -0.018252 (VIOLATED)
ANTENNA_102/DIODE                       0.750000    0.768227   -0.018227 (VIOLATED)
_4100_/X                                0.750000    0.765618   -0.015618 (VIOLATED)
_3999_/A                                0.750000    0.765355   -0.015355 (VIOLATED)
ANTENNA_210/DIODE                       0.750000    0.765353   -0.015353 (VIOLATED)
ANTENNA_209/DIODE                       0.750000    0.765148   -0.015148 (VIOLATED)
_3996_/B                                0.750000    0.765116   -0.015116 (VIOLATED)
_4036_/A1                               0.750000    0.764803   -0.014803 (VIOLATED)
_4068_/A0                               0.750000    0.764525   -0.014525 (VIOLATED)
output498/A                             0.750000    0.764443   -0.014443 (VIOLATED)
ANTENNA_350/DIODE                       0.750000    0.764431   -0.014431 (VIOLATED)
output446/A                             0.750000    0.764311   -0.014311 (VIOLATED)
_4817_/Q                                0.750000    0.764100   -0.014100 (VIOLATED)
_4490_/A0                               0.750000    0.763675   -0.013675 (VIOLATED)
output500/A                             0.750000    0.763640   -0.013640 (VIOLATED)
_4360_/A1                               0.750000    0.763614   -0.013614 (VIOLATED)
_4363_/B2                               0.750000    0.763573   -0.013573 (VIOLATED)
ANTENNA_342/DIODE                       0.750000    0.763557   -0.013557 (VIOLATED)
_4492_/A0                               0.750000    0.763462   -0.013462 (VIOLATED)
_4358_/B                                0.750000    0.763399   -0.013400 (VIOLATED)
_4361_/A_N                              0.750000    0.763398   -0.013398 (VIOLATED)
_4460_/A1                               0.750000    0.763357   -0.013357 (VIOLATED)
_4304_/A1                               0.750000    0.763290   -0.013290 (VIOLATED)
_4458_/A1                               0.750000    0.763263   -0.013263 (VIOLATED)
_4802_/Q                                0.750000    0.763135   -0.013135 (VIOLATED)
_4648_/A                                0.750000    0.754900   -0.004900 (VIOLATED)
_4650_/A                                0.750000    0.754898   -0.004898 (VIOLATED)
_4509_/A_N                              0.750000    0.754887   -0.004887 (VIOLATED)
_4507_/B                                0.750000    0.754880   -0.004880 (VIOLATED)
output355/A                             0.750000    0.754868   -0.004868 (VIOLATED)
_4643_/A1                               0.750000    0.754836   -0.004836 (VIOLATED)
_4611_/A0                               0.750000    0.754820   -0.004820 (VIOLATED)
_5415_/Q                                0.750000    0.754761   -0.004761 (VIOLATED)
_4262_/B1                               0.750000    0.753274   -0.003274 (VIOLATED)
ANTENNA_341/DIODE                       0.750000    0.753273   -0.003273 (VIOLATED)
_4259_/A2                               0.750000    0.753273   -0.003273 (VIOLATED)
ANTENNA_340/DIODE                       0.750000    0.753271   -0.003271 (VIOLATED)
_4334_/A0                               0.750000    0.753208   -0.003208 (VIOLATED)
_4302_/A1                               0.750000    0.753207   -0.003207 (VIOLATED)
_4800_/Q                                0.750000    0.753160   -0.003160 (VIOLATED)

max fanout

Pin                                   Limit Fanout  Slack
---------------------------------------------------------
_2484_/X                                 10     17     -7 (VIOLATED)
_4799_/Q                                 10     17     -7 (VIOLATED)
_4801_/Q                                 10     17     -7 (VIOLATED)
_4834_/Q                                 10     16     -6 (VIOLATED)
_5399_/Q                                 10     15     -5 (VIOLATED)
_4800_/Q                                 10     13     -3 (VIOLATED)
_4828_/Q                                 10     13     -3 (VIOLATED)
_4817_/Q                                 10     12     -2 (VIOLATED)
_4827_/Q                                 10     12     -2 (VIOLATED)
_5398_/Q                                 10     12     -2 (VIOLATED)
clkbuf_5_28__f_clk/X                     10     12     -2 (VIOLATED)
clkbuf_5_30__f_clk/X                     10     12     -2 (VIOLATED)
fanout560/X                              10     12     -2 (VIOLATED)
fanout619/X                              10     12     -2 (VIOLATED)
input149/X                               10     12     -2 (VIOLATED)
input207/X                               10     12     -2 (VIOLATED)
_4748_/Q                                 10     11        (VIOLATED)
_4770_/Q                                 10     11        (VIOLATED)
_4798_/Q                                 10     11        (VIOLATED)
_4830_/Q                                 10     11        (VIOLATED)
_5365_/Q                                 10     11        (VIOLATED)
_5367_/Q                                 10     11        (VIOLATED)
clkbuf_5_22__f_clk/X                     10     11        (VIOLATED)
clkbuf_5_7__f_clk/X                      10     11        (VIOLATED)
fanout519/X                              10     11        (VIOLATED)
fanout566/X                              10     11        (VIOLATED)
fanout653/X                              10     11        (VIOLATED)
max_cap563/X                             10     11        (VIOLATED)

max capacitance

Pin                                        Limit         Cap       Slack
------------------------------------------------------------------------
_4815_/Q                                0.200000    0.274012   -0.074012 (VIOLATED)
wire589/X                               0.200000    0.265111   -0.065111 (VIOLATED)
fanout523/X                             0.200000    0.261706   -0.061706 (VIOLATED)
fanout702/X                             0.200000    0.261677   -0.061677 (VIOLATED)
wire524/X                               0.200000    0.258218   -0.058218 (VIOLATED)
max_cap544/X                            0.200000    0.257972   -0.057972 (VIOLATED)
wire583/X                               0.200000    0.252550   -0.052550 (VIOLATED)
fanout602/X                             0.200000    0.249616   -0.049616 (VIOLATED)
fanout616/X                             0.200000    0.245164   -0.045164 (VIOLATED)
fanout566/X                             0.200000    0.244638   -0.044638 (VIOLATED)
fanout811/X                             0.200000    0.244190   -0.044190 (VIOLATED)
wire629/X                               0.200000    0.241698   -0.041698 (VIOLATED)
fanout533/X                             0.200000    0.240672   -0.040672 (VIOLATED)
_4747_/Q                                0.200000    0.240635   -0.040635 (VIOLATED)
fanout519/X                             0.200000    0.240347   -0.040347 (VIOLATED)
fanout674/X                             0.200000    0.239047   -0.039047 (VIOLATED)
fanout548/X                             0.200000    0.237249   -0.037249 (VIOLATED)
max_cap812/X                            0.200000    0.235270   -0.035270 (VIOLATED)
max_cap563/X                            0.200000    0.234479   -0.034479 (VIOLATED)
fanout727/X                             0.200000    0.231078   -0.031078 (VIOLATED)
_4176_/X                                0.200000    0.228692   -0.028692 (VIOLATED)
input138/X                              0.200000    0.223300   -0.023300 (VIOLATED)
fanout784/X                             0.200000    0.223219   -0.023219 (VIOLATED)
fanout798/X                             0.200000    0.222115   -0.022115 (VIOLATED)
fanout775/X                             0.200000    0.220561   -0.020561 (VIOLATED)
fanout803/X                             0.200000    0.218327   -0.018327 (VIOLATED)
fanout619/X                             0.200000    0.215333   -0.015333 (VIOLATED)
_4563_/X                                0.200000    0.214358   -0.014358 (VIOLATED)
fanout561/X                             0.200000    0.214117   -0.014117 (VIOLATED)
fanout659/X                             0.200000    0.206493   -0.006493 (VIOLATED)
_4252_/X                                0.200000    0.205452   -0.005452 (VIOLATED)
_5300_/Q                                0.200000    0.202632   -0.002632 (VIOLATED)
_2492_/Y                                0.200000    0.202343   -0.002343 (VIOLATED)
_5367_/Q                                0.200000    0.201822   -0.001822 (VIOLATED)



===========================================================================
report_parasitic_annotation -report_unannotated
============================================================================
Found 179 unannotated drivers.
 clkload0/Y
 clkload1/X
 clkload10/Y
 clkload100/X
 clkload101/X
 clkload102/X
 clkload103/X
 clkload104/X
 clkload105/X
 clkload106/X
 clkload107/Y
 clkload108/Y
 clkload109/Y
 clkload11/Y
 clkload110/Y
 clkload111/X
 clkload112/X
 clkload113/X
 clkload114/Y
 clkload115/X
 clkload116/X
 clkload117/X
 clkload118/X
 clkload119/Y
 clkload12/Y
 clkload120/Y
 clkload121/Y
 clkload122/Y
 clkload123/X
 clkload124/Y
 clkload125/Y
 clkload126/Y
 clkload127/X
 clkload128/Y
 clkload129/X
 clkload13/Y
 clkload130/X
 clkload131/X
 clkload132/Y
 clkload133/X
 clkload134/X
 clkload135/X
 clkload136/X
 clkload137/X
 clkload138/X
 clkload139/X
 clkload14/Y
 clkload140/X
 clkload141/X
 clkload142/X
 clkload143/X
 clkload144/X
 clkload145/X
 clkload146/X
 clkload147/X
 clkload148/X
 clkload149/X
 clkload15/Y
 clkload150/Y
 clkload151/Y
 clkload152/Y
 clkload153/X
 clkload154/X
 clkload155/X
 clkload156/Y
 clkload157/X
 clkload158/X
 clkload159/X
 clkload16/Y
 clkload160/X
 clkload161/X
 clkload162/X
 clkload163/X
 clkload164/Y
 clkload165/X
 clkload166/X
 clkload167/X
 clkload168/Y
 clkload169/X
 clkload17/X
 clkload170/Y
 clkload171/X
 clkload172/X
 clkload173/Y
 clkload174/X
 clkload175/X
 clkload176/X
 clkload177/X
 clkload178/X
 clkload18/X
 clkload19/Y
 clkload2/Y
 clkload20/X
 clkload21/X
 clkload22/X
 clkload23/X
 clkload24/X
 clkload25/X
 clkload26/X
 clkload27/X
 clkload28/X
 clkload29/X
 clkload3/X
 clkload30/X
 clkload31/X
 clkload32/X
 clkload33/X
 clkload34/X
 clkload35/X
 clkload36/X
 clkload37/X
 clkload38/X
 clkload39/X
 clkload4/Y
 clkload40/X
 clkload41/Y
 clkload42/X
 clkload43/X
 clkload44/X
 clkload45/X
 clkload46/X
 clkload47/X
 clkload48/X
 clkload49/Y
 clkload5/Y
 clkload50/Y
 clkload51/Y
 clkload52/X
 clkload53/X
 clkload54/X
 clkload55/X
 clkload56/X
 clkload57/X
 clkload58/X
 clkload59/X
 clkload6/Y
 clkload60/X
 clkload61/Y
 clkload62/X
 clkload63/Y
 clkload64/X
 clkload65/X
 clkload66/X
 clkload67/X
 clkload68/Y
 clkload69/X
 clkload7/X
 clkload70/X
 clkload71/X
 clkload72/Y
 clkload73/X
 clkload74/Y
 clkload75/X
 clkload76/X
 clkload77/X
 clkload78/X
 clkload79/X
 clkload8/Y
 clkload80/X
 clkload81/X
 clkload82/Y
 clkload83/Y
 clkload84/X
 clkload85/Y
 clkload86/X
 clkload87/X
 clkload88/X
 clkload89/X
 clkload9/Y
 clkload90/X
 clkload91/X
 clkload92/Y
 clkload93/X
 clkload94/X
 clkload95/X
 clkload96/X
 clkload97/X
 clkload98/X
 clkload99/X
Found 0 partially unannotated drivers.

===========================================================================
max slew violation count 218
max fanout violation count 28
max cap violation count 34
============================================================================

===========================================================================
check_setup -verbose -unconstrained_endpoints -multiple_clock -no_clock -no_input_delay -loops -generated_clocks
===========================================================================
