Clock: clk
Sources: clk 
Generated: no
Virtual: yes
Propagated: no
Period: 25.000000

===========================================================================
report_clock_properties
============================================================================
Clock                   Period          Waveform
----------------------------------------------------
clk                  25.000000    0.000000 12.500000

===========================================================================
report_clock_latency
============================================================================
Clock clk
rise -> rise
    min     max
0.000000 0.000000 source latency
2.904255         network latency _4778_/CLK
        3.409926 network latency _4748_/CLK
---------------
2.904255 3.409926 latency
        0.505671 skew

fall -> fall
    min     max
0.000000 0.000000 source latency
2.469456         network latency _4778_/CLK
        2.921478 network latency _4956_/CLK
---------------
2.469456 2.921478 latency
        0.452022 skew



===========================================================================
report_clock_min_period
============================================================================
clk period_min = 12.89 fmax = 77.61
