Clock: clk
Sources: clk 
Generated: no
Virtual: yes
Propagated: no
Period: 25.000000

===========================================================================
report_clock_properties
============================================================================
Clock                   Period          Waveform
----------------------------------------------------
clk                  25.000000    0.000000 12.500000

===========================================================================
report_clock_latency
============================================================================
Clock clk
rise -> rise
    min     max
0.000000 0.000000 source latency
1.040518         network latency _4778_/CLK
        1.230013 network latency _4956_/CLK
---------------
1.040518 1.230013 latency
        0.189495 skew

fall -> fall
    min     max
0.000000 0.000000 source latency
0.882488         network latency _5343_/CLK
        1.060818 network latency _4956_/CLK
---------------
0.882488 1.060818 latency
        0.178330 skew



===========================================================================
report_clock_min_period
============================================================================
clk period_min = 4.23 fmax = 236.60
