
===========================================================================
 report_power
============================================================================
======================= min_ff_n40C_1v95 Corner ===================================

Group                    Internal    Switching      Leakage        Total
                            Power        Power        Power        Power (Watts)
------------------------------------------------------------------------
Sequential           1.690220e-03 4.346779e-04 1.340238e-08 2.124912e-03  31.0%
Combinational        8.309445e-04 1.293273e-03 3.665559e-08 2.124254e-03  31.0%
Clock                1.584701e-03 1.028842e-03 1.868363e-07 2.613730e-03  38.1%
Macro                0.000000e+00 0.000000e+00 0.000000e+00 0.000000e+00   0.0%
Pad                  0.000000e+00 0.000000e+00 0.000000e+00 0.000000e+00   0.0%
------------------------------------------------------------------------
Total                4.105877e-03 2.756794e-03 2.368947e-07 6.862909e-03 100.0%
                            59.8%        40.2%         0.0%

