                                                                       Cells by Function                                                                        
┏━━━━━━━━━━━━━━━━━━━━━━━━━━━━━━━━━━━━━━━━━━━━━━━━━━━━━━━━━━━━━━━━━━━━━━━━━━━━━━━━━━━━━━━━━━━━━━━━━━━━━━━━━━━━━━━━━━━━━━━━━━━━━┳━━━━━━━━━━━━━━━━━━━━━━━━━━━━━━━━┓
┃ Cell Function                                                                                                               ┃ Count                          ┃
┡━━━━━━━━━━━━━━━━━━━━━━━━━━━━━━━━━━━━━━━━━━━━━━━━━━━━━━━━━━━━━━━━━━━━━━━━━━━━━━━━━━━━━━━━━━━━━━━━━━━━━━━━━━━━━━━━━━━━━━━━━━━━━╇━━━━━━━━━━━━━━━━━━━━━━━━━━━━━━━━┩
│ sky130_ef_sc_hd__decap                                                                                                      │ 167115                         │
│ sky130_fd_sc_hd__a2111o                                                                                                     │ 9                              │
│ sky130_fd_sc_hd__a211o                                                                                                      │ 10                             │
│ sky130_fd_sc_hd__a21bo                                                                                                      │ 8                              │
│ sky130_fd_sc_hd__a21o                                                                                                       │ 245                            │
│ sky130_fd_sc_hd__a21oi                                                                                                      │ 16                             │
│ sky130_fd_sc_hd__a221o                                                                                                      │ 40                             │
│ sky130_fd_sc_hd__a22o                                                                                                       │ 260                            │
│ sky130_fd_sc_hd__a22oi                                                                                                      │ 4                              │
│ sky130_fd_sc_hd__a2bb2o                                                                                                     │ 9                              │
│ sky130_fd_sc_hd__a311o                                                                                                      │ 5                              │
│ sky130_fd_sc_hd__a31o                                                                                                       │ 11                             │
│ sky130_fd_sc_hd__a32o                                                                                                       │ 2                              │
│ sky130_fd_sc_hd__a32oi                                                                                                      │ 1                              │
│ sky130_fd_sc_hd__a41o                                                                                                       │ 1                              │
│ sky130_fd_sc_hd__and2                                                                                                       │ 47                             │
│ sky130_fd_sc_hd__and2b                                                                                                      │ 65                             │
│ sky130_fd_sc_hd__and3                                                                                                       │ 5                              │
│ sky130_fd_sc_hd__and3b                                                                                                      │ 6                              │
│ sky130_fd_sc_hd__and4                                                                                                       │ 9                              │
│ sky130_fd_sc_hd__and4b                                                                                                      │ 3                              │
│ sky130_fd_sc_hd__and4bb                                                                                                     │ 2                              │
│ sky130_fd_sc_hd__buf                                                                                                        │ 587                            │
│ sky130_fd_sc_hd__bufinv                                                                                                     │ 4                              │
│ sky130_fd_sc_hd__clkbuf                                                                                                     │ 598                            │
│ sky130_fd_sc_hd__clkinv                                                                                                     │ 44                             │
│ sky130_fd_sc_hd__clkinvlp                                                                                                   │ 5                              │
│ sky130_fd_sc_hd__decap                                                                                                      │ 45697                          │
│ sky130_fd_sc_hd__dfrtp                                                                                                      │ 705                            │
│ sky130_fd_sc_hd__diode                                                                                                      │ 351                            │
│ sky130_fd_sc_hd__dlygate4sd3                                                                                                │ 449                            │
│ sky130_fd_sc_hd__dlymetal6s2s                                                                                               │ 14                             │
│ sky130_fd_sc_hd__fill                                                                                                       │ 42894                          │
│ sky130_fd_sc_hd__inv                                                                                                        │ 840                            │
│ sky130_fd_sc_hd__mux2                                                                                                       │ 433                            │
│ sky130_fd_sc_hd__nand2                                                                                                      │ 16                             │
│ sky130_fd_sc_hd__nand2b                                                                                                     │ 46                             │
│ sky130_fd_sc_hd__nand3                                                                                                      │ 1                              │
│ sky130_fd_sc_hd__nand3b                                                                                                     │ 3                              │
│ sky130_fd_sc_hd__nand4                                                                                                      │ 1                              │
│ sky130_fd_sc_hd__nor2                                                                                                       │ 35                             │
│ sky130_fd_sc_hd__nor4                                                                                                       │ 1                              │
│ sky130_fd_sc_hd__o2111a                                                                                                     │ 6                              │
│ sky130_fd_sc_hd__o211a                                                                                                      │ 16                             │
│ sky130_fd_sc_hd__o211ai                                                                                                     │ 3                              │
│ sky130_fd_sc_hd__o21a                                                                                                       │ 15                             │
│ sky130_fd_sc_hd__o21ai                                                                                                      │ 11                             │
│ sky130_fd_sc_hd__o21ba                                                                                                      │ 3                              │
│ sky130_fd_sc_hd__o21bai                                                                                                     │ 4                              │
│ sky130_fd_sc_hd__o221a                                                                                                      │ 14                             │
│ sky130_fd_sc_hd__o221ai                                                                                                     │ 1                              │
│ sky130_fd_sc_hd__o22a                                                                                                       │ 36                             │
│ sky130_fd_sc_hd__o22ai                                                                                                      │ 2                              │
│ sky130_fd_sc_hd__o2bb2a                                                                                                     │ 8                              │
│ sky130_fd_sc_hd__o311a                                                                                                      │ 3                              │
│ sky130_fd_sc_hd__o31a                                                                                                       │ 4                              │
│ sky130_fd_sc_hd__o32a                                                                                                       │ 4                              │
│ sky130_fd_sc_hd__or2                                                                                                        │ 14                             │
│ sky130_fd_sc_hd__or3                                                                                                        │ 17                             │
│ sky130_fd_sc_hd__or3b                                                                                                       │ 21                             │
│ sky130_fd_sc_hd__or4                                                                                                        │ 12                             │
│ sky130_fd_sc_hd__or4b                                                                                                       │ 15                             │
│ sky130_fd_sc_hd__or4bb                                                                                                      │ 4                              │
│ sky130_fd_sc_hd__tapvpwrvgnd                                                                                                │ 42679                          │
│ sky130_fd_sc_hd__xnor2                                                                                                      │ 5                              │
│ sky130_fd_sc_hd__xor2                                                                                                       │ 16                             │
└─────────────────────────────────────────────────────────────────────────────────────────────────────────────────────────────┴────────────────────────────────┘
