Clock: clk
Sources: clk 
Generated: no
Virtual: yes
Propagated: no
Period: 25.000000

===========================================================================
report_clock_properties
============================================================================
Clock                   Period          Waveform
----------------------------------------------------
clk                  25.000000    0.000000 12.500000

===========================================================================
report_clock_latency
============================================================================
Clock clk
rise -> rise
    min     max
0.000000 0.000000 source latency
7.309704         network latency _5191_/CLK
        8.462125 network latency _5323_/CLK
---------------
7.309704 8.462125 latency
        1.152420 skew

fall -> fall
    min     max
0.000000 0.000000 source latency
3.303805         network latency _5191_/CLK
        4.377736 network latency _5323_/CLK
---------------
3.303805 4.377736 latency
        1.073930 skew



===========================================================================
report_clock_min_period
============================================================================
clk period_min = 16.65 fmax = 60.07
