
===========================================================================
 report_power
============================================================================
======================= nom_tt_025C_1v80 Corner ===================================

Group                    Internal    Switching      Leakage        Total
                            Power        Power        Power        Power (Watts)
------------------------------------------------------------------------
Sequential           1.941442e-03 4.806807e-04 7.804959e-09 2.422130e-03  66.1%
Combinational        7.167781e-04 5.268391e-04 1.000793e-08 1.243627e-03  33.9%
Clock                0.000000e+00 0.000000e+00 4.114882e-09 4.114882e-09   0.0%
Macro                0.000000e+00 0.000000e+00 0.000000e+00 0.000000e+00   0.0%
Pad                  0.000000e+00 0.000000e+00 0.000000e+00 0.000000e+00   0.0%
------------------------------------------------------------------------
Total                2.658218e-03 1.007520e-03 2.192764e-08 3.665759e-03 100.0%
                            72.5%        27.5%         0.0%
Writing metric power__internal__total: 0.002658217679709196
Writing metric power__switching__total: 0.0010075198952108622
Writing metric power__leakage__total: 2.1927638371721514e-8
Writing metric power__total: 0.0036657594610005617

