
===========================================================================
Violator List
============================================================================
[hold in-reg] in_data_flat[253] -> _5321_/D : -4.251511
[hold in-reg] in_data_flat[158] -> _4745_/D : -4.243047
[hold in-reg] in_data_flat[95] -> _4810_/D : -4.242872
[hold in-reg] in_data_flat[254] -> _5322_/D : -4.242627
[hold in-reg] in_data_flat[221] -> _5385_/D : -4.241412
[hold in-reg] in_data_flat[252] -> _5320_/D : -4.240536
[hold in-reg] in_data_flat[29] -> _5353_/D : -4.240104
[hold in-reg] in_data_flat[159] -> _4746_/D : -4.239804
[hold in-reg] in_data_flat[25] -> _5349_/D : -4.237584
[hold in-reg] in_data_flat[157] -> _4744_/D : -4.237445
[hold in-reg] in_data_flat[31] -> _5355_/D : -4.237163
[hold in-reg] in_data_flat[189] -> _5417_/D : -4.236778
[hold in-reg] in_data_flat[93] -> _4808_/D : -4.236081
[hold in-reg] in_data_flat[26] -> _5350_/D : -4.235322
[hold in-reg] in_data_flat[63] -> _4842_/D : -4.235316
[hold in-reg] in_data_flat[94] -> _4809_/D : -4.233874
[hold in-reg] in_data_flat[126] -> _4777_/D : -4.233811
[hold in-reg] in_data_flat[61] -> _4840_/D : -4.231031
[hold in-reg] in_data_flat[236] -> _5304_/D : -4.230979
[hold in-reg] in_data_flat[125] -> _4776_/D : -4.230606
[hold in-reg] in_data_flat[28] -> _5352_/D : -4.229744
[hold in-reg] in_data_flat[237] -> _5305_/D : -4.229277
[hold in-reg] in_data_flat[62] -> _4841_/D : -4.227882
[hold in-reg] in_data_flat[127] -> _4778_/D : -4.227684
[hold in-reg] in_data_flat[24] -> _5348_/D : -4.227094
[hold in-reg] in_data_flat[88] -> _4803_/D : -4.224935
[hold in-reg] in_data_flat[155] -> _4742_/D : -4.224761
[hold in-reg] in_data_flat[238] -> _5306_/D : -4.224568
[hold in-reg] in_data_flat[239] -> _5307_/D : -4.223650
[hold in-reg] in_data_flat[30] -> _5354_/D : -4.223052
[hold in-reg] in_data_flat[91] -> _4806_/D : -4.223024
[hold in-reg] in_data_flat[120] -> _4771_/D : -4.222585
[hold in-reg] in_data_flat[59] -> _4838_/D : -4.219325
[hold in-reg] in_data_flat[123] -> _4774_/D : -4.217779
[hold in-reg] in_data_flat[56] -> _4835_/D : -4.216776
[hold in-reg] in_data_flat[58] -> _4837_/D : -4.215818
[hold in-reg] in_data_flat[191] -> _5419_/D : -4.215303
[hold in-reg] in_data_flat[190] -> _5418_/D : -4.210335
[hold in-reg] in_data_flat[27] -> _5351_/D : -4.209682
[hold in-reg] in_data_flat[122] -> _4773_/D : -4.207186
[hold in-reg] in_data_flat[90] -> _4805_/D : -4.206126
[hold in-reg] in_data_flat[124] -> _4775_/D : -4.194905
[hold in-reg] in_data_flat[44] -> _4823_/D : -4.190115
[hold in-reg] in_data_flat[156] -> _4743_/D : -4.189994
[hold in-reg] in_data_flat[188] -> _5416_/D : -4.189685
[hold in-reg] in_data_flat[220] -> _5384_/D : -4.188169
[hold in-reg] in_data_flat[6] -> _5330_/D : -4.185884
[hold in-reg] in_data_flat[3] -> _5327_/D : -4.185360
[hold in-reg] in_data_flat[92] -> _4807_/D : -4.185141
[hold in-reg] in_data_flat[7] -> _5331_/D : -4.184669
[hold in-reg] in_data_flat[60] -> _4839_/D : -4.183436
[hold in-reg] in_data_flat[14] -> _5338_/D : -4.182119
[hold in-reg] in_data_flat[1] -> _5325_/D : -4.181624
[hold in-reg] in_data_flat[2] -> _5326_/D : -4.181372
[hold in-reg] in_data_flat[13] -> _5337_/D : -4.179327
[hold in-reg] in_data_flat[76] -> _4791_/D : -4.179319
[hold in-reg] in_data_flat[15] -> _5339_/D : -4.179165
[hold in-reg] in_data_flat[38] -> _4817_/D : -4.178857
[hold in-reg] in_data_flat[77] -> _4792_/D : -4.178159
[hold in-reg] in_data_flat[11] -> _5335_/D : -4.177540
[hold in-reg] in_data_flat[12] -> _5336_/D : -4.175722
[hold in-reg] in_data_flat[10] -> _5334_/D : -4.175713
[hold in-reg] in_data_flat[45] -> _4824_/D : -4.175540
[hold in-reg] in_data_flat[9] -> _5333_/D : -4.174057
[hold in-reg] in_data_flat[89] -> _4804_/D : -4.173860
[hold in-reg] in_data_flat[57] -> _4836_/D : -4.173662
[hold in-reg] in_data_flat[8] -> _5332_/D : -4.172569
[hold in-reg] in_data_flat[73] -> _4788_/D : -4.170200
[hold in-reg] in_data_flat[74] -> _4789_/D : -4.169233
[hold in-reg] in_data_flat[206] -> _5370_/D : -4.168133
[hold in-reg] in_data_flat[0] -> _5324_/D : -4.167660
[hold in-reg] in_data_flat[35] -> _4814_/D : -4.167449
[hold in-reg] in_data_flat[72] -> _4787_/D : -4.166658
[hold in-reg] in_data_flat[140] -> _5432_/D : -4.165743
[hold in-reg] in_data_flat[108] -> _4759_/D : -4.165678
[hold in-reg] in_data_flat[34] -> _4813_/D : -4.164884
[hold in-reg] in_data_flat[75] -> _4790_/D : -4.163577
[hold in-reg] in_data_flat[42] -> _4821_/D : -4.163506
[hold in-reg] in_data_flat[33] -> _4812_/D : -4.163198
[hold in-reg] in_data_flat[41] -> _4820_/D : -4.162513
[hold in-reg] in_data_flat[43] -> _4822_/D : -4.162282
[hold in-reg] in_data_flat[109] -> _4760_/D : -4.161830
[hold in-reg] in_data_flat[32] -> _4811_/D : -4.161188
[hold in-reg] in_data_flat[40] -> _4819_/D : -4.161070
[hold in-reg] in_data_flat[64] -> _4779_/D : -4.160059
[hold in-reg] in_data_flat[65] -> _4780_/D : -4.159819
[hold in-reg] in_data_flat[67] -> _4782_/D : -4.157166
[hold in-reg] in_data_flat[66] -> _4781_/D : -4.155668
[hold in-reg] in_data_flat[136] -> _5428_/D : -4.154929
[hold in-reg] in_data_flat[138] -> _5430_/D : -4.153906
[hold in-reg] in_data_flat[137] -> _5429_/D : -4.150970
[hold in-reg] in_data_flat[105] -> _4756_/D : -4.150753
[hold in-reg] in_data_flat[107] -> _4758_/D : -4.150370
[hold in-reg] in_data_flat[104] -> _4755_/D : -4.149344
[hold in-reg] in_data_flat[139] -> _5431_/D : -4.140665
[hold in-reg] in_data_flat[170] -> _5398_/D : -4.140097
[hold in-reg] in_data_flat[172] -> _5400_/D : -4.139888
[hold in-reg] in_data_flat[96] -> _4747_/D : -4.138394
[hold in-reg] in_data_flat[46] -> _4825_/D : -4.137961
[hold in-reg] in_data_flat[78] -> _4793_/D : -4.132963
[hold in-reg] in_data_flat[171] -> _5399_/D : -4.129349
[hold in-reg] in_data_flat[110] -> _4761_/D : -4.128249
[hold in-reg] in_data_flat[39] -> _4818_/D : -4.127286
[hold in-reg] in_data_flat[106] -> _4757_/D : -4.126285
[hold in-reg] in_data_flat[47] -> _4826_/D : -4.125418
[hold in-reg] in_data_flat[111] -> _4762_/D : -4.120484
[hold in-reg] in_data_flat[169] -> _5397_/D : -4.115246
[hold in-reg] in_data_flat[79] -> _4794_/D : -4.114700
[hold in-reg] in_data_flat[143] -> _5435_/D : -4.112155
[hold in-reg] in_data_flat[142] -> _5434_/D : -4.111022
[hold in-reg] in_data_flat[175] -> _5403_/D : -4.101932
[hold in-reg] in_data_flat[4] -> _5328_/D : -4.082112
[hold in-reg] in_data_flat[100] -> _4751_/D : -4.080334
[hold in-reg] in_data_flat[166] -> _5394_/D : -4.078719
[hold in-reg] in_data_flat[102] -> _4753_/D : -4.078548
[hold in-reg] in_data_flat[132] -> _5424_/D : -4.078485
[hold in-reg] in_data_flat[134] -> _5426_/D : -4.076008
[hold in-reg] in_data_flat[231] -> _5299_/D : -4.074247
[hold in-reg] in_data_flat[164] -> _5392_/D : -4.073824
[hold in-reg] in_data_flat[101] -> _4752_/D : -4.073202
[hold in-reg] in_data_flat[226] -> _5294_/D : -4.071837
[hold in-reg] in_data_flat[230] -> _5298_/D : -4.069725
[hold in-reg] in_data_flat[224] -> _5292_/D : -4.069716
[hold in-reg] in_data_flat[37] -> _4816_/D : -4.068625
[hold in-reg] in_data_flat[99] -> _4750_/D : -4.068382
[hold in-reg] in_data_flat[68] -> _4783_/D : -4.067992
[hold in-reg] in_data_flat[198] -> _5362_/D : -4.067634
[hold in-reg] in_data_flat[131] -> _5423_/D : -4.067571
[hold in-reg] in_data_flat[165] -> _5393_/D : -4.067551
[hold in-reg] in_data_flat[69] -> _4784_/D : -4.067509
[hold in-reg] in_data_flat[229] -> _5297_/D : -4.066930
[hold in-reg] in_data_flat[228] -> _5296_/D : -4.065421
[hold in-reg] in_data_flat[163] -> _5391_/D : -4.064881
[hold in-reg] in_data_flat[36] -> _4815_/D : -4.064604
[hold in-reg] in_data_flat[197] -> _5361_/D : -4.064524
[hold in-reg] in_data_flat[21] -> _5345_/D : -4.062410
[hold in-reg] in_data_flat[162] -> _5390_/D : -4.062220
[hold in-reg] in_data_flat[232] -> _5300_/D : -4.062099
[hold in-reg] in_data_flat[195] -> _5359_/D : -4.061872
[hold in-reg] in_data_flat[227] -> _5295_/D : -4.061067
[hold in-reg] in_data_flat[5] -> _5329_/D : -4.060905
[hold in-reg] in_data_flat[130] -> _5422_/D : -4.060560
[hold in-reg] in_data_flat[20] -> _5344_/D : -4.059643
[hold in-reg] in_data_flat[161] -> _5389_/D : -4.057998
[hold in-reg] in_data_flat[225] -> _5293_/D : -4.057436
[hold in-reg] in_data_flat[98] -> _4749_/D : -4.057275
[hold in-reg] in_data_flat[193] -> _5357_/D : -4.054727
[hold in-reg] in_data_flat[194] -> _5358_/D : -4.053657
[hold in-reg] in_data_flat[196] -> _5360_/D : -4.050253
[hold in-reg] in_data_flat[22] -> _5346_/D : -4.048316
[hold in-reg] in_data_flat[129] -> _5421_/D : -4.045022
[hold in-reg] in_data_flat[192] -> _5356_/D : -4.044627
[hold in-reg] in_data_flat[133] -> _5425_/D : -4.042492
[hold in-reg] in_data_flat[160] -> _5388_/D : -4.040894
[hold in-reg] in_data_flat[199] -> _5363_/D : -4.031056
[hold in-reg] in_data_flat[135] -> _5427_/D : -4.031055
[hold in-reg] in_data_flat[103] -> _4754_/D : -4.029075
[hold in-reg] in_data_flat[203] -> _5367_/D : -4.026797
[hold in-reg] in_data_flat[167] -> _5395_/D : -4.024767
[hold in-reg] in_data_flat[202] -> _5366_/D : -4.013053
[hold in-reg] in_data_flat[71] -> _4786_/D : -4.012827
[hold in-reg] in_data_flat[255] -> _5323_/D : -4.011627
[hold in-reg] in_data_flat[223] -> _5387_/D : -4.000036
[hold in-reg] in_data_flat[222] -> _5386_/D : -3.993125
[hold in-reg] in_data_flat[207] -> _5371_/D : -3.957251
[hold in-reg] in_data_flat[205] -> _5369_/D : -3.935179
[hold in-reg] in_data_flat[141] -> _5433_/D : -3.926557
[hold in-reg] in_data_flat[173] -> _5401_/D : -3.918921
[hold in-reg] in_data_flat[204] -> _5368_/D : -3.910876
[hold in-reg] in_data_flat[234] -> _5302_/D : -3.905404
[hold in-reg] in_data_flat[121] -> _4772_/D : -3.897742
[hold in-reg] in_data_flat[235] -> _5303_/D : -3.893874
[hold in-reg] in_data_flat[233] -> _5301_/D : -3.877470
[hold in-reg] in_data_flat[53] -> _4832_/D : -3.874653
[hold in-reg] in_data_flat[174] -> _5402_/D : -3.862947
[hold in-reg] in_data_flat[85] -> _4800_/D : -3.856961
[hold in-reg] in_data_flat[54] -> _4833_/D : -3.854560
[hold in-reg] in_data_flat[86] -> _4801_/D : -3.851491
[hold in-reg] in_data_flat[70] -> _4785_/D : -3.846414
[hold in-reg] in_data_flat[52] -> _4831_/D : -3.831058
[hold in-reg] in_data_flat[168] -> _5396_/D : -3.828131
[hold in-reg] in_data_flat[97] -> _4748_/D : -3.822257
[hold in-reg] in_data_flat[23] -> _5347_/D : -3.817023
[hold in-reg] in_data_flat[201] -> _5365_/D : -3.813129
[hold in-reg] in_data_flat[200] -> _5364_/D : -3.810414
[hold in-reg] in_data_flat[128] -> _5420_/D : -3.788769
[hold in-reg] in_data_flat[19] -> _5343_/D : -3.754693
[hold in-reg] in_data_flat[18] -> _5342_/D : -3.747723
[hold in-reg] in_data_flat[17] -> _5341_/D : -3.733648
[hold in-reg] in_data_flat[16] -> _5340_/D : -3.733077
[hold in-reg] in_data_flat[55] -> _4834_/D : -3.732642
[hold in-reg] in_data_flat[49] -> _4828_/D : -3.430471
[hold in-reg] in_data_flat[81] -> _4796_/D : -3.419652
[hold in-reg] in_data_flat[82] -> _4797_/D : -3.418895
[hold in-reg] in_data_flat[50] -> _4829_/D : -3.413643
[hold in-reg] in_data_flat[48] -> _4827_/D : -3.389919
[hold in-reg] in_data_flat[80] -> _4795_/D : -3.360511
[hold in-reg] in_data_flat[113] -> _4764_/D : -3.340462
[hold in-reg] in_data_flat[112] -> _4763_/D : -3.289789
[hold in-reg] in_data_flat[184] -> _5412_/D : -3.270729
[hold in-reg] in_data_flat[153] -> _5445_/D : -3.236253
[hold in-reg] in_data_flat[245] -> _5313_/D : -3.229150
[hold in-reg] in_data_flat[246] -> _5314_/D : -3.227744
[hold in-reg] in_data_flat[247] -> _5315_/D : -3.226218
[hold in-reg] in_data_flat[243] -> _5311_/D : -3.223469
[hold in-reg] in_data_flat[180] -> _5408_/D : -3.222342
[hold in-reg] in_data_flat[214] -> _5378_/D : -3.221765
[hold in-reg] in_data_flat[242] -> _5310_/D : -3.220083
[hold in-reg] in_data_flat[117] -> _4768_/D : -3.219896
[hold in-reg] in_data_flat[241] -> _5309_/D : -3.219622
[hold in-reg] in_data_flat[178] -> _5406_/D : -3.216962
[hold in-reg] in_data_flat[213] -> _5377_/D : -3.215781
[hold in-reg] in_data_flat[183] -> _5411_/D : -3.215449
[hold in-reg] in_data_flat[149] -> _5441_/D : -3.215182
[hold in-reg] in_data_flat[212] -> _5376_/D : -3.214750
[hold in-reg] in_data_flat[186] -> _5414_/D : -3.214521
[hold in-reg] in_data_flat[244] -> _5312_/D : -3.214384
[hold in-reg] in_data_flat[240] -> _5308_/D : -3.214193
[hold in-reg] in_data_flat[249] -> _5317_/D : -3.213671
[hold in-reg] in_data_flat[151] -> _5443_/D : -3.212550
[hold in-reg] in_data_flat[182] -> _5410_/D : -3.212400
[hold in-reg] in_data_flat[210] -> _5374_/D : -3.212029
[hold in-reg] in_data_flat[118] -> _4769_/D : -3.210439
[hold in-reg] in_data_flat[148] -> _5440_/D : -3.210435
[hold in-reg] in_data_flat[147] -> _5439_/D : -3.210342
[hold in-reg] in_data_flat[150] -> _5442_/D : -3.209411
[hold in-reg] in_data_flat[179] -> _5407_/D : -3.208058
[hold in-reg] in_data_flat[146] -> _5438_/D : -3.207765
[hold in-reg] in_data_flat[119] -> _4770_/D : -3.206359
[hold in-reg] in_data_flat[114] -> _4765_/D : -3.204907
[hold in-reg] in_data_flat[177] -> _5405_/D : -3.203633
[hold in-reg] in_data_flat[84] -> _4799_/D : -3.203119
[hold in-reg] in_data_flat[116] -> _4767_/D : -3.202930
[hold in-reg] in_data_flat[181] -> _5409_/D : -3.202763
[hold in-reg] in_data_flat[176] -> _5404_/D : -3.199925
[hold in-reg] in_data_flat[208] -> _5372_/D : -3.199770
[hold in-reg] in_data_flat[215] -> _5379_/D : -3.198964
[hold in-reg] in_data_flat[51] -> _4830_/D : -3.196644
[hold in-reg] in_data_flat[83] -> _4798_/D : -3.195675
[hold in-reg] in_data_flat[144] -> _5436_/D : -3.195326
[hold in-reg] in_data_flat[216] -> _5380_/D : -3.188547
[hold in-reg] in_data_flat[211] -> _5375_/D : -3.184335
[hold in-reg] in_data_flat[87] -> _4802_/D : -3.184246
[hold in-reg] in_data_flat[218] -> _5382_/D : -3.183088
[hold in-reg] in_data_flat[209] -> _5373_/D : -3.178988
[hold in-reg] in_data_flat[115] -> _4766_/D : -3.169961
[hold in-reg] in_data_flat[251] -> _5319_/D : -3.163328
[hold in-reg] in_data_flat[250] -> _5318_/D : -3.160227
[hold in-reg] in_data_flat[248] -> _5316_/D : -3.154792
[hold in-reg] in_data_flat[185] -> _5413_/D : -3.151758
[hold in-reg] in_data_flat[219] -> _5383_/D : -3.150575
[hold in-reg] in_data_flat[217] -> _5381_/D : -3.149684
[hold in-reg] in_data_flat[145] -> _5437_/D : -3.146598
[hold in-reg] in_data_flat[154] -> _5446_/D : -3.137009
[hold in-reg] in_data_flat[152] -> _5444_/D : -3.130100
[hold in-reg] in_data_flat[187] -> _5415_/D : -3.108284
Writing metric timing__hold_vio__count__corner:nom_tt_025C_1v80: 256
Writing metric timing__hold_r2r__ws__corner:nom_tt_025C_1v80: 0.010147
Writing metric timing__hold_r2r_vio__count__corner:nom_tt_025C_1v80: 0
Writing metric timing__setup_vio__count__corner:nom_tt_025C_1v80: 0
Writing metric timing__setup_r2r__ws__corner:nom_tt_025C_1v80: 15.116014
Writing metric timing__setup_r2r_vio__count__corner:nom_tt_025C_1v80: 0
