Clock: clk
Sources: clk 
Generated: no
Virtual: no
Propagated: no
Period: 25.000000

===========================================================================
report_clock_properties
============================================================================
Clock                   Period          Waveform
----------------------------------------------------
clk                  25.000000    0.000000 12.500000

===========================================================================
report_clock_latency
============================================================================
Clock clk
rise -> rise
    min     max
0.000000 0.000000 source latency
3.221672         network latency _4742_/CLK
        3.221672 network latency _4742_/CLK
---------------
3.221672 3.221672 latency
        0.000000 skew

fall -> fall
    min     max
0.000000 0.000000 source latency
1.404188         network latency _4742_/CLK
        1.404188 network latency _4742_/CLK
---------------
1.404188 1.404188 latency
        0.000000 skew



===========================================================================
report_clock_min_period
============================================================================
clk period_min = 4.04 fmax = 247.66
