
===========================================================================
 report_power
============================================================================
======================= nom_ff_n40C_1v95 Corner ===================================

Group                    Internal    Switching      Leakage        Total
                            Power        Power        Power        Power (Watts)
------------------------------------------------------------------------
Sequential           1.704803e-03 3.633336e-04 1.350363e-08 2.068150e-03  61.4%
Combinational        1.061144e-03 2.384508e-04 1.773802e-08 1.299612e-03  38.6%
Clock                0.000000e+00 0.000000e+00 0.000000e+00 0.000000e+00   0.0%
Macro                0.000000e+00 0.000000e+00 0.000000e+00 0.000000e+00   0.0%
Pad                  0.000000e+00 0.000000e+00 0.000000e+00 0.000000e+00   0.0%
------------------------------------------------------------------------
Total                2.765940e-03 6.017849e-04 3.124152e-08 3.367756e-03 100.0%
                            82.1%        17.9%         0.0%

