Clock: clk
Sources: clk 
Generated: no
Virtual: yes
Propagated: no
Period: 25.000000

===========================================================================
report_clock_properties
============================================================================
Clock                   Period          Waveform
----------------------------------------------------
clk                  25.000000    0.000000 12.500000

===========================================================================
report_clock_latency
============================================================================
Clock clk
rise -> rise
    min     max
0.000000 0.000000 source latency
1.364263         network latency _4896_/CLK
        1.597962 network latency _4748_/CLK
---------------
1.364263 1.597962 latency
        0.233699 skew

fall -> fall
    min     max
0.000000 0.000000 source latency
1.171947         network latency _4896_/CLK
        1.382246 network latency _4748_/CLK
---------------
1.171947 1.382246 latency
        0.210299 skew



===========================================================================
report_clock_min_period
============================================================================
clk period_min = 5.72 fmax = 174.96
