
===========================================================================
 report_power
============================================================================
======================= nom_tt_025C_1v80 Corner ===================================

Group                    Internal    Switching      Leakage        Total
                            Power        Power        Power        Power (Watts)
------------------------------------------------------------------------
Sequential           1.458662e-03 2.906013e-04 8.326448e-09 1.749272e-03  33.3%
Combinational        5.441559e-04 8.540861e-04 1.403742e-08 1.398256e-03  26.6%
Clock                1.382624e-03 7.249524e-04 7.097918e-09 2.107583e-03  40.1%
Macro                0.000000e+00 0.000000e+00 0.000000e+00 0.000000e+00   0.0%
Pad                  0.000000e+00 0.000000e+00 0.000000e+00 0.000000e+00   0.0%
------------------------------------------------------------------------
Total                3.385444e-03 1.869640e-03 2.946223e-08 5.255114e-03 100.0%
                            64.4%        35.6%         0.0%
Writing metric power__internal__total: 0.0033854444045573473
Writing metric power__switching__total: 0.0018696399638429284
Writing metric power__leakage__total: 2.9462229989007938e-8
Writing metric power__total: 0.005255113821476698

