
===========================================================================
 report_power
============================================================================
======================= max_tt_025C_1v80 Corner ===================================

Group                    Internal    Switching      Leakage        Total
                            Power        Power        Power        Power (Watts)
------------------------------------------------------------------------
Sequential           1.456787e-03 4.098274e-04 8.326448e-09 1.866622e-03  30.3%
Combinational        7.400213e-04 1.207647e-03 1.619195e-08 1.947685e-03  31.6%
Clock                1.389933e-03 9.517536e-04 1.510472e-07 2.341838e-03  38.0%
Macro                0.000000e+00 0.000000e+00 0.000000e+00 0.000000e+00   0.0%
Pad                  0.000000e+00 0.000000e+00 0.000000e+00 0.000000e+00   0.0%
------------------------------------------------------------------------
Total                3.586742e-03 2.569231e-03 1.755722e-07 6.156148e-03 100.0%
                            58.3%        41.7%         0.0%

